// Jest Snapshot v1, https://goo.gl/fbAQLP

exports[`MainEditorAssetHeader->drag wdb test drag wdb to folder node 
        1.load wdb asset w1;
        2.add folder f1;
        3.drag w1 to f1;
        4.select f1;

        asset children should show w1
         1`] = `
<article
  className="wonder-asset-assetChildren"
>
  <article
    className="wonder-asset-fileBox "
    onClick={[Function]}
  >
    <div
      className="box-image"
    >
      <img
        onDragStart={[Function]}
        src="./public/img/wdb.png"
      />
    </div>
    <div
      className="item-text "
    >
      <span>
        Wdb
      </span>
    </div>
  </article>
</article>
`;

exports[`MainEditorAssetHeader->drag wdb test drag wdb to scene tree test drag wdb to gameObject should add to target sceneTree node's children 1`] = `
<article
  className="wonder-sceneTree-component"
>
  <article
    className="wonder-tree"
  >
    <ul
      className="wonder-tree-node"
      draggable={true}
      onDragEnd={[Function]}
      onDragStart={[Function]}
    >
      <li
        draggable={true}
        onClick={[Function]}
        onDragEnter={[Function]}
        onDragLeave={[Function]}
        onDragOver={[Function]}
        onDrop={[Function]}
        style={
          Object {
            "border": "0px",
          }
        }
      >
        <div
          className="item-triangle"
          onClick={[Function]}
        >
          <img
            src="./public/img/down.png"
          />
        </div>
        Scene
      </li>
      <ul
        className="wonder-tree-node"
        draggable={true}
        onDragEnd={[Function]}
        onDragStart={[Function]}
      >
        <li
          draggable={true}
          onClick={[Function]}
          onDragEnter={[Function]}
          onDragLeave={[Function]}
          onDragOver={[Function]}
          onDrop={[Function]}
          style={
            Object {
              "border": "0px",
            }
          }
        >
          <div
            className="item-triangle"
          />
          Camera
        </li>
      </ul>
      <ul
        className="wonder-tree-node"
        draggable={true}
        onDragEnd={[Function]}
        onDragStart={[Function]}
      >
        <li
          draggable={true}
          onClick={[Function]}
          onDragEnter={[Function]}
          onDragLeave={[Function]}
          onDragOver={[Function]}
          onDrop={[Function]}
          style={
            Object {
              "border": "0px",
            }
          }
        >
          <div
            className="item-triangle"
            onClick={[Function]}
          >
            <img
              src="./public/img/right.png"
            />
          </div>
          Cube
        </li>
      </ul>
      <ul
        className="wonder-tree-node"
        draggable={true}
        onDragEnd={[Function]}
        onDragStart={[Function]}
      >
        <li
          draggable={true}
          onClick={[Function]}
          onDragEnter={[Function]}
          onDragLeave={[Function]}
          onDragOver={[Function]}
          onDrop={[Function]}
          style={
            Object {
              "border": "0px",
            }
          }
        >
          <div
            className="item-triangle"
          />
          Cube
        </li>
      </ul>
      <ul
        className="wonder-tree-node"
        draggable={true}
        onDragEnd={[Function]}
        onDragStart={[Function]}
      >
        <li
          draggable={true}
          onClick={[Function]}
          onDragEnter={[Function]}
          onDragLeave={[Function]}
          onDragOver={[Function]}
          onDrop={[Function]}
          style={
            Object {
              "border": "0px",
            }
          }
        >
          <div
            className="item-triangle"
          />
          Direction Light
        </li>
      </ul>
    </ul>
  </article>
</article>
`;
