// Jest Snapshot v1, https://goo.gl/fbAQLP

exports[`MainEditorAssetHeader->remove texture select texture;
                click remove-button;
             should remove it from assetTreeRoot 1`] = `
<article
  className="wonder-asset-component"
>
  <div
    className="asset-tree"
  >
    <article
      className="wonder-asset-header"
    >
      <div
        className="asset-header-item"
        onClick={[Function]}
        title="add asset"
      >
        <div
          className="item-canBeClick"
        >
          <img
            src="./public/img/add.png"
          />
        </div>
      </div>
      <div
        className="asset-header-item"
        onClick={[Function]}
        title="remove asset"
      >
        <div
          className="item-notBeClick"
        >
          <img
            src="./public/img/notRemove.png"
          />
        </div>
      </div>
      <div
        className="asset-header-item"
      >
        <div
          className="item-canBeClick"
          title="upload asset"
        >
          <img
            src="./public/img/load.png"
          />
          <input
            className="asset-fileLoad"
            multiple={false}
            onChange={[Function]}
            type="file"
          />
        </div>
      </div>
    </article>
    <article
      className="wonder-asset-assetTree"
    >
      <ul
        className="wonder-tree-node"
      >
        <li>
          <div
            className="item-triangle"
          />
          <img
            className="treeNode-icon"
            src="./public/img/package.png"
          />
          <div
            className="draggable-container select-not-active"
            draggable={true}
            onClick={[Function]}
            onDragEnd={[Function]}
            onDragEnter={[Function]}
            onDragLeave={[Function]}
            onDragOver={[Function]}
            onDragStart={[Function]}
            onDrop={[Function]}
            style={Object {}}
          >
            Assets
          </div>
        </li>
      </ul>
    </article>
  </div>
  <article
    className="wonder-asset-assetChildren"
  />
</article>
`;

exports[`MainEditorAssetHeader->remove texture test dispose texture content data if type is IMGUICustomImage remove related skin data remove related button skin data remove by custom image id should update imgui skin inspector->button skin data 1`] = `
<article
  className="wonder-inspector-component"
>
  <article
    className="wonder-inspector-asset"
  >
    <article
      className="wonder-imguiSkin-inspector"
    >
      <h1>
        IMGUI Skin
      </h1>
      <hr />
      <article
        className="inspector-item"
      >
        <div
          className="item-header"
          title="imgui skin's name"
        >
          Name
        </div>
        <div
          className="item-content"
        >
          <input
            className="input-component float-input"
            onBlur={[Function]}
            onChange={[Function]}
            type="text"
            value=""
          />
        </div>
      </article>
      <article
        className="wonder-imguiSkinButton-inspector"
      >
        <h2>
          Button
        </h2>
        <hr />
        <div
          className="imguiSkinButton-skin"
        >
          <article
            className="color-pick"
          >
            <div
              className="item-header"
              title="button color"
            >
              Button Color
            </div>
            <div
              className="item-content item-color"
            >
              <div
                className="color-hex"
                onClick={[Function]}
                style={
                  Object {
                    "background": "#000000",
                  }
                }
              />
              <div
                className="color-select"
                onClick={[Function]}
              >
                <img
                  src="./public/img/color.png"
                />
              </div>
            </div>
          </article>
          <article
            className="color-pick"
          >
            <div
              className="item-header"
              title="hover button color"
            >
              Hover Button Color
            </div>
            <div
              className="item-content item-color"
            >
              <div
                className="color-hex"
                onClick={[Function]}
                style={
                  Object {
                    "background": "#000000",
                  }
                }
              />
              <div
                className="color-select"
                onClick={[Function]}
              >
                <img
                  src="./public/img/color.png"
                />
              </div>
            </div>
          </article>
          <article
            className="color-pick"
          >
            <div
              className="item-header"
              title="click button color"
            >
              Click Button Color
            </div>
            <div
              className="item-content item-color"
            >
              <div
                className="color-hex"
                onClick={[Function]}
                style={
                  Object {
                    "background": "#000000",
                  }
                }
              />
              <div
                className="color-select"
                onClick={[Function]}
              >
                <img
                  src="./public/img/color.png"
                />
              </div>
            </div>
          </article>
          <article
            className="selectAssetNode-item"
          >
            <div
              className="item-header"
              title="button image"
            >
              Button Image
            </div>
            <div
              className="item-content"
            >
              <div
                className="img"
                onClick={[Function]}
                style={
                  Object {
                    "opacity": "1",
                  }
                }
              >
                <div
                  className="img-dragBg"
                  onDragEnter={[Function]}
                  onDragLeave={[Function]}
                  onDragOver={[Function]}
                  onDrop={[Function]}
                />
              </div>
              <button
                className="remove"
                onClick={[Function]}
              >
                Remove
              </button>
            </div>
          </article>
          <article
            className="selectAssetNode-item"
          >
            <div
              className="item-header"
              title="hover button image"
            >
              Hover Button Image
            </div>
            <div
              className="item-content"
            >
              <div
                className="img"
                onClick={[Function]}
                style={
                  Object {
                    "opacity": "1",
                  }
                }
              >
                <div
                  className="img-dragBg"
                  onDragEnter={[Function]}
                  onDragLeave={[Function]}
                  onDragOver={[Function]}
                  onDrop={[Function]}
                />
              </div>
              <button
                className="remove"
                onClick={[Function]}
              >
                Remove
              </button>
            </div>
          </article>
          <article
            className="selectAssetNode-item"
          >
            <div
              className="item-header"
              title="click button image"
            >
              Click Button Image
            </div>
            <div
              className="item-content"
            >
              <div
                className="img"
                onClick={[Function]}
                style={
                  Object {
                    "opacity": "1",
                  }
                }
              >
                <div
                  className="img-dragBg"
                  onDragEnter={[Function]}
                  onDragLeave={[Function]}
                  onDragOver={[Function]}
                  onDrop={[Function]}
                />
                <img
                  src="newImgBase64"
                />
              </div>
              <button
                className="remove"
                onClick={[Function]}
              >
                Remove
              </button>
            </div>
          </article>
          <article
            className="inspector-item"
          >
            <div
              className="item-header"
              title="font align"
            >
              Font Align
            </div>
            <div
              className="item-content"
            >
              <select
                onChange={[Function]}
                value="0"
              >
                <option
                  value="0"
                >
                  left
                </option>
                <option
                  value="1"
                >
                  center
                </option>
                <option
                  value="2"
                >
                  right
                </option>
              </select>
            </div>
          </article>
          <article
            className="color-pick"
          >
            <div
              className="item-header"
              title="font color"
            >
              Font Color
            </div>
            <div
              className="item-content item-color"
            >
              <div
                className="color-hex"
                onClick={[Function]}
                style={
                  Object {
                    "background": "#000000",
                  }
                }
              />
              <div
                className="color-select"
                onClick={[Function]}
              >
                <img
                  src="./public/img/color.png"
                />
              </div>
            </div>
          </article>
        </div>
        <button
          onClick={[Function]}
        >
          submit all
        </button>
      </article>
      <article
        className="wonder-textAreaInput"
      >
        <div
          className="content-field content-textarea"
        >
          <div
            className="field-title"
          >
            AllCustomStyleData
          </div>
          <div
            className="field-content"
          >
            <textarea
              className="input-component"
              onBlur={[Function]}
              onChange={[Function]}
              type="text"
              value="{}"
            />
          </div>
        </div>
      </article>
      <button
        onClick={[Function]}
      >
        submit all
      </button>
    </article>
  </article>
</article>
`;
