// Jest Snapshot v1, https://goo.gl/fbAQLP

exports[`MainEditorTransform position test change position value changeX should set current gameObject->transform->value x set x value to floatInput 1`] = `
<article
  className="wonder-inspector-transform"
>
  <div
    className="inspector-item"
  >
    <div
      className="item-header"
    >
      Position
    </div>
    <div
      className="item-content"
    >
      <article
        className="wonder-transform-template"
      >
        <article
          className="inspector-item"
        >
          <div
            className="item-header"
          >
            X
          </div>
          <div
            className="item-content"
          >
            <input
              className="input-component float-input"
              onBlur={[Function]}
              onChange={[Function]}
              type="text"
              value="-10.1213"
            />
          </div>
        </article>
        <article
          className="inspector-item"
        >
          <div
            className="item-header"
          >
            Y
          </div>
          <div
            className="item-content"
          >
            <input
              className="input-component float-input"
              onBlur={[Function]}
              onChange={[Function]}
              type="text"
              value="0"
            />
          </div>
        </article>
        <article
          className="inspector-item"
        >
          <div
            className="item-header"
          >
            Z
          </div>
          <div
            className="item-content"
          >
            <input
              className="input-component float-input"
              onBlur={[Function]}
              onChange={[Function]}
              type="text"
              value="0"
            />
          </div>
        </article>
      </article>
    </div>
  </div>
  <div
    className="inspector-item"
  >
    <div
      className="item-header"
    >
      Rotation
    </div>
    <div
      className="item-content"
    >
      <article
        className="wonder-transform-template"
      >
        <article
          className="inspector-item"
        >
          <div
            className="item-header"
          >
            X
          </div>
          <div
            className="item-content"
          >
            <input
              className="input-component float-input"
              onBlur={[Function]}
              onChange={[Function]}
              type="text"
              value="0"
            />
          </div>
        </article>
        <article
          className="inspector-item"
        >
          <div
            className="item-header"
          >
            Y
          </div>
          <div
            className="item-content"
          >
            <input
              className="input-component float-input"
              onBlur={[Function]}
              onChange={[Function]}
              type="text"
              value="0"
            />
          </div>
        </article>
        <article
          className="inspector-item"
        >
          <div
            className="item-header"
          >
            Z
          </div>
          <div
            className="item-content"
          >
            <input
              className="input-component float-input"
              onBlur={[Function]}
              onChange={[Function]}
              type="text"
              value="0"
            />
          </div>
        </article>
      </article>
    </div>
  </div>
  <div
    className="inspector-item"
  >
    <div
      className="item-header"
    >
      Scale
    </div>
    <div
      className="item-content"
    >
      <article
        className="wonder-transform-template"
      >
        <article
          className="inspector-item"
        >
          <div
            className="item-header"
          >
            X
          </div>
          <div
            className="item-content"
          >
            <input
              className="input-component float-input"
              onBlur={[Function]}
              onChange={[Function]}
              type="text"
              value="0.1"
            />
          </div>
        </article>
        <article
          className="inspector-item"
        >
          <div
            className="item-header"
          >
            Y
          </div>
          <div
            className="item-content"
          >
            <input
              className="input-component float-input"
              onBlur={[Function]}
              onChange={[Function]}
              type="text"
              value="0.1"
            />
          </div>
        </article>
        <article
          className="inspector-item"
        >
          <div
            className="item-header"
          >
            Z
          </div>
          <div
            className="item-content"
          >
            <input
              className="input-component float-input"
              onBlur={[Function]}
              onChange={[Function]}
              type="text"
              value="0.1"
            />
          </div>
        </article>
      </article>
    </div>
  </div>
</article>
`;
