// Jest Snapshot v1, https://goo.gl/fbAQLP

exports[`redo_undo: arcballCameraController distance and minDistance prepare first step: set currentSceneTreeNode to be camera test redo operate test redo one step undo step which from second to zero, redo step which from zero to first 1`] = `
<article
  className="wonder-inspector-component"
>
  <article
    className="wonder-inspector-sceneTree"
  >
    <div>
      <article
        className="wonder-string-input"
      >
        <span
          className="component-label"
        >
          Name : 
        </span>
        <input
          className="input-component float-input"
          onBlur={[Function]}
          onChange={[Function]}
          type="text"
          value="camera"
        />
      </article>
    </div>
    <article
      className="componentBox-component"
    >
      <div
        className="header"
      >
        <div
          className="header-triangle"
          onClick={[Function]}
        >
          <span
            className="triangle-bottom"
          />
        </div>
        <div
          className="header-title"
        >
          Transform
        </div>
      </div>
      <article
        className="wonder-inspector-transform"
      >
        <div
          className="transform-item"
        >
          <div
            className=""
          >
            position : 
          </div>
          <article
            className="wonder-transform-template"
          >
            <article
              className="wonder-float-input"
            >
              <span
                className="component-label"
              >
                X : 
              </span>
              <input
                className="input-component float-input"
                onBlur={[Function]}
                onChange={[Function]}
                type="text"
                value="0"
              />
            </article>
            <article
              className="wonder-float-input"
            >
              <span
                className="component-label"
              >
                Y : 
              </span>
              <input
                className="input-component float-input"
                onBlur={[Function]}
                onChange={[Function]}
                type="text"
                value="0"
              />
            </article>
            <article
              className="wonder-float-input"
            >
              <span
                className="component-label"
              >
                Z : 
              </span>
              <input
                className="input-component float-input"
                onBlur={[Function]}
                onChange={[Function]}
                type="text"
                value="40"
              />
            </article>
          </article>
        </div>
        <div
          className="transform-item"
        >
          <div
            className=""
          >
            rotate : 
          </div>
          <article
            className="wonder-transform-template"
          >
            <article
              className="wonder-float-input"
            >
              <span
                className="component-label"
              >
                X : 
              </span>
              <input
                className="input-component float-input"
                onBlur={[Function]}
                onChange={[Function]}
                type="text"
                value="0"
              />
            </article>
            <article
              className="wonder-float-input"
            >
              <span
                className="component-label"
              >
                Y : 
              </span>
              <input
                className="input-component float-input"
                onBlur={[Function]}
                onChange={[Function]}
                type="text"
                value="0"
              />
            </article>
            <article
              className="wonder-float-input"
            >
              <span
                className="component-label"
              >
                Z : 
              </span>
              <input
                className="input-component float-input"
                onBlur={[Function]}
                onChange={[Function]}
                type="text"
                value="0"
              />
            </article>
          </article>
        </div>
        <div
          className="transform-item"
        >
          <div
            className=""
          >
            scale : 
          </div>
          <article
            className="wonder-transform-template"
          >
            <article
              className="wonder-float-input"
            >
              <span
                className="component-label"
              >
                X : 
              </span>
              <input
                className="input-component float-input"
                onBlur={[Function]}
                onChange={[Function]}
                type="text"
                value="1"
              />
            </article>
            <article
              className="wonder-float-input"
            >
              <span
                className="component-label"
              >
                Y : 
              </span>
              <input
                className="input-component float-input"
                onBlur={[Function]}
                onChange={[Function]}
                type="text"
                value="1"
              />
            </article>
            <article
              className="wonder-float-input"
            >
              <span
                className="component-label"
              >
                Z : 
              </span>
              <input
                className="input-component float-input"
                onBlur={[Function]}
                onChange={[Function]}
                type="text"
                value="1"
              />
            </article>
          </article>
        </div>
      </article>
    </article>
    <article
      className="componentBox-component"
    >
      <div
        className="header"
      >
        <div
          className="header-triangle"
          onClick={[Function]}
        >
          <span
            className="triangle-bottom"
          />
        </div>
        <div
          className="header-title"
        >
          Camera Group
        </div>
        <span
          className="header-close"
          onClick={[Function]}
        >
          x
        </span>
      </div>
      <div>
        simulate camera component
      </div>
    </article>
    <article
      className="componentBox-component"
    >
      <div
        className="header"
      >
        <div
          className="header-triangle"
          onClick={[Function]}
        >
          <span
            className="triangle-bottom"
          />
        </div>
        <div
          className="header-title"
        >
          ArcballCameraController
        </div>
        <span
          className="header-close"
          onClick={[Function]}
        >
          x
        </span>
      </div>
      <article
        className="wonder-inspector-arcballCameraController"
      >
        <article
          className="wonder-float-input"
        >
          <span
            className="component-label"
          >
            distance : 
          </span>
          <input
            className="input-component float-input"
            onBlur={[Function]}
            onChange={[Function]}
            type="text"
            value="23.11"
          />
        </article>
        <article
          className="wonder-float-input"
        >
          <span
            className="component-label"
          >
            min distance : 
          </span>
          <input
            className="input-component float-input"
            onBlur={[Function]}
            onChange={[Function]}
            type="text"
            value="0.05"
          />
        </article>
      </article>
    </article>
    <article
      className="wonder-addable-component"
    >
      <div
        className="addable-component-content"
      >
        <button
          className="addable-btn"
          onClick={[Function]}
        >
          Add Component
        </button>
      </div>
    </article>
  </article>
</article>
`;

exports[`redo_undo: arcballCameraController distance and minDistance prepare first step: set currentSceneTreeNode to be camera test redo operate test redo two step undo step which from second to zero,redo step which from zero to second 1`] = `
<article
  className="wonder-inspector-component"
>
  <article
    className="wonder-inspector-sceneTree"
  >
    <div>
      <article
        className="wonder-string-input"
      >
        <span
          className="component-label"
        >
          Name : 
        </span>
        <input
          className="input-component float-input"
          onBlur={[Function]}
          onChange={[Function]}
          type="text"
          value="camera"
        />
      </article>
    </div>
    <article
      className="componentBox-component"
    >
      <div
        className="header"
      >
        <div
          className="header-triangle"
          onClick={[Function]}
        >
          <span
            className="triangle-bottom"
          />
        </div>
        <div
          className="header-title"
        >
          Transform
        </div>
      </div>
      <article
        className="wonder-inspector-transform"
      >
        <div
          className="transform-item"
        >
          <div
            className=""
          >
            position : 
          </div>
          <article
            className="wonder-transform-template"
          >
            <article
              className="wonder-float-input"
            >
              <span
                className="component-label"
              >
                X : 
              </span>
              <input
                className="input-component float-input"
                onBlur={[Function]}
                onChange={[Function]}
                type="text"
                value="0"
              />
            </article>
            <article
              className="wonder-float-input"
            >
              <span
                className="component-label"
              >
                Y : 
              </span>
              <input
                className="input-component float-input"
                onBlur={[Function]}
                onChange={[Function]}
                type="text"
                value="0"
              />
            </article>
            <article
              className="wonder-float-input"
            >
              <span
                className="component-label"
              >
                Z : 
              </span>
              <input
                className="input-component float-input"
                onBlur={[Function]}
                onChange={[Function]}
                type="text"
                value="40"
              />
            </article>
          </article>
        </div>
        <div
          className="transform-item"
        >
          <div
            className=""
          >
            rotate : 
          </div>
          <article
            className="wonder-transform-template"
          >
            <article
              className="wonder-float-input"
            >
              <span
                className="component-label"
              >
                X : 
              </span>
              <input
                className="input-component float-input"
                onBlur={[Function]}
                onChange={[Function]}
                type="text"
                value="0"
              />
            </article>
            <article
              className="wonder-float-input"
            >
              <span
                className="component-label"
              >
                Y : 
              </span>
              <input
                className="input-component float-input"
                onBlur={[Function]}
                onChange={[Function]}
                type="text"
                value="0"
              />
            </article>
            <article
              className="wonder-float-input"
            >
              <span
                className="component-label"
              >
                Z : 
              </span>
              <input
                className="input-component float-input"
                onBlur={[Function]}
                onChange={[Function]}
                type="text"
                value="0"
              />
            </article>
          </article>
        </div>
        <div
          className="transform-item"
        >
          <div
            className=""
          >
            scale : 
          </div>
          <article
            className="wonder-transform-template"
          >
            <article
              className="wonder-float-input"
            >
              <span
                className="component-label"
              >
                X : 
              </span>
              <input
                className="input-component float-input"
                onBlur={[Function]}
                onChange={[Function]}
                type="text"
                value="1"
              />
            </article>
            <article
              className="wonder-float-input"
            >
              <span
                className="component-label"
              >
                Y : 
              </span>
              <input
                className="input-component float-input"
                onBlur={[Function]}
                onChange={[Function]}
                type="text"
                value="1"
              />
            </article>
            <article
              className="wonder-float-input"
            >
              <span
                className="component-label"
              >
                Z : 
              </span>
              <input
                className="input-component float-input"
                onBlur={[Function]}
                onChange={[Function]}
                type="text"
                value="1"
              />
            </article>
          </article>
        </div>
      </article>
    </article>
    <article
      className="componentBox-component"
    >
      <div
        className="header"
      >
        <div
          className="header-triangle"
          onClick={[Function]}
        >
          <span
            className="triangle-bottom"
          />
        </div>
        <div
          className="header-title"
        >
          Camera Group
        </div>
        <span
          className="header-close"
          onClick={[Function]}
        >
          x
        </span>
      </div>
      <div>
        simulate camera component
      </div>
    </article>
    <article
      className="componentBox-component"
    >
      <div
        className="header"
      >
        <div
          className="header-triangle"
          onClick={[Function]}
        >
          <span
            className="triangle-bottom"
          />
        </div>
        <div
          className="header-title"
        >
          ArcballCameraController
        </div>
        <span
          className="header-close"
          onClick={[Function]}
        >
          x
        </span>
      </div>
      <article
        className="wonder-inspector-arcballCameraController"
      >
        <article
          className="wonder-float-input"
        >
          <span
            className="component-label"
          >
            distance : 
          </span>
          <input
            className="input-component float-input"
            onBlur={[Function]}
            onChange={[Function]}
            type="text"
            value="23.11"
          />
        </article>
        <article
          className="wonder-float-input"
        >
          <span
            className="component-label"
          >
            min distance : 
          </span>
          <input
            className="input-component float-input"
            onBlur={[Function]}
            onChange={[Function]}
            type="text"
            value="12.12"
          />
        </article>
      </article>
    </article>
    <article
      className="wonder-addable-component"
    >
      <div
        className="addable-component-content"
      >
        <button
          className="addable-btn"
          onClick={[Function]}
        >
          Add Component
        </button>
      </div>
    </article>
  </article>
</article>
`;

exports[`redo_undo: arcballCameraController distance and minDistance prepare first step: set currentSceneTreeNode to be camera test undo operate test not undo 1`] = `
<article
  className="wonder-inspector-component"
>
  <article
    className="wonder-inspector-sceneTree"
  >
    <div>
      <article
        className="wonder-string-input"
      >
        <span
          className="component-label"
        >
          Name : 
        </span>
        <input
          className="input-component float-input"
          onBlur={[Function]}
          onChange={[Function]}
          type="text"
          value="camera"
        />
      </article>
    </div>
    <article
      className="componentBox-component"
    >
      <div
        className="header"
      >
        <div
          className="header-triangle"
          onClick={[Function]}
        >
          <span
            className="triangle-bottom"
          />
        </div>
        <div
          className="header-title"
        >
          Transform
        </div>
      </div>
      <article
        className="wonder-inspector-transform"
      >
        <div
          className="transform-item"
        >
          <div
            className=""
          >
            position : 
          </div>
          <article
            className="wonder-transform-template"
          >
            <article
              className="wonder-float-input"
            >
              <span
                className="component-label"
              >
                X : 
              </span>
              <input
                className="input-component float-input"
                onBlur={[Function]}
                onChange={[Function]}
                type="text"
                value="0"
              />
            </article>
            <article
              className="wonder-float-input"
            >
              <span
                className="component-label"
              >
                Y : 
              </span>
              <input
                className="input-component float-input"
                onBlur={[Function]}
                onChange={[Function]}
                type="text"
                value="0"
              />
            </article>
            <article
              className="wonder-float-input"
            >
              <span
                className="component-label"
              >
                Z : 
              </span>
              <input
                className="input-component float-input"
                onBlur={[Function]}
                onChange={[Function]}
                type="text"
                value="40"
              />
            </article>
          </article>
        </div>
        <div
          className="transform-item"
        >
          <div
            className=""
          >
            rotate : 
          </div>
          <article
            className="wonder-transform-template"
          >
            <article
              className="wonder-float-input"
            >
              <span
                className="component-label"
              >
                X : 
              </span>
              <input
                className="input-component float-input"
                onBlur={[Function]}
                onChange={[Function]}
                type="text"
                value="0"
              />
            </article>
            <article
              className="wonder-float-input"
            >
              <span
                className="component-label"
              >
                Y : 
              </span>
              <input
                className="input-component float-input"
                onBlur={[Function]}
                onChange={[Function]}
                type="text"
                value="0"
              />
            </article>
            <article
              className="wonder-float-input"
            >
              <span
                className="component-label"
              >
                Z : 
              </span>
              <input
                className="input-component float-input"
                onBlur={[Function]}
                onChange={[Function]}
                type="text"
                value="0"
              />
            </article>
          </article>
        </div>
        <div
          className="transform-item"
        >
          <div
            className=""
          >
            scale : 
          </div>
          <article
            className="wonder-transform-template"
          >
            <article
              className="wonder-float-input"
            >
              <span
                className="component-label"
              >
                X : 
              </span>
              <input
                className="input-component float-input"
                onBlur={[Function]}
                onChange={[Function]}
                type="text"
                value="1"
              />
            </article>
            <article
              className="wonder-float-input"
            >
              <span
                className="component-label"
              >
                Y : 
              </span>
              <input
                className="input-component float-input"
                onBlur={[Function]}
                onChange={[Function]}
                type="text"
                value="1"
              />
            </article>
            <article
              className="wonder-float-input"
            >
              <span
                className="component-label"
              >
                Z : 
              </span>
              <input
                className="input-component float-input"
                onBlur={[Function]}
                onChange={[Function]}
                type="text"
                value="1"
              />
            </article>
          </article>
        </div>
      </article>
    </article>
    <article
      className="componentBox-component"
    >
      <div
        className="header"
      >
        <div
          className="header-triangle"
          onClick={[Function]}
        >
          <span
            className="triangle-bottom"
          />
        </div>
        <div
          className="header-title"
        >
          Camera Group
        </div>
        <span
          className="header-close"
          onClick={[Function]}
        >
          x
        </span>
      </div>
      <div>
        simulate camera component
      </div>
    </article>
    <article
      className="componentBox-component"
    >
      <div
        className="header"
      >
        <div
          className="header-triangle"
          onClick={[Function]}
        >
          <span
            className="triangle-bottom"
          />
        </div>
        <div
          className="header-title"
        >
          ArcballCameraController
        </div>
        <span
          className="header-close"
          onClick={[Function]}
        >
          x
        </span>
      </div>
      <article
        className="wonder-inspector-arcballCameraController"
      >
        <article
          className="wonder-float-input"
        >
          <span
            className="component-label"
          >
            distance : 
          </span>
          <input
            className="input-component float-input"
            onBlur={[Function]}
            onChange={[Function]}
            type="text"
            value="23.11"
          />
        </article>
        <article
          className="wonder-float-input"
        >
          <span
            className="component-label"
          >
            min distance : 
          </span>
          <input
            className="input-component float-input"
            onBlur={[Function]}
            onChange={[Function]}
            type="text"
            value="12.12"
          />
        </article>
      </article>
    </article>
    <article
      className="wonder-addable-component"
    >
      <div
        className="addable-component-content"
      >
        <button
          className="addable-btn"
          onClick={[Function]}
        >
          Add Component
        </button>
      </div>
    </article>
  </article>
</article>
`;

exports[`redo_undo: arcballCameraController distance and minDistance prepare first step: set currentSceneTreeNode to be camera test undo operate test undo one step step which from second to first 1`] = `
<article
  className="wonder-inspector-component"
>
  <article
    className="wonder-inspector-sceneTree"
  >
    <div>
      <article
        className="wonder-string-input"
      >
        <span
          className="component-label"
        >
          Name : 
        </span>
        <input
          className="input-component float-input"
          onBlur={[Function]}
          onChange={[Function]}
          type="text"
          value="camera"
        />
      </article>
    </div>
    <article
      className="componentBox-component"
    >
      <div
        className="header"
      >
        <div
          className="header-triangle"
          onClick={[Function]}
        >
          <span
            className="triangle-bottom"
          />
        </div>
        <div
          className="header-title"
        >
          Transform
        </div>
      </div>
      <article
        className="wonder-inspector-transform"
      >
        <div
          className="transform-item"
        >
          <div
            className=""
          >
            position : 
          </div>
          <article
            className="wonder-transform-template"
          >
            <article
              className="wonder-float-input"
            >
              <span
                className="component-label"
              >
                X : 
              </span>
              <input
                className="input-component float-input"
                onBlur={[Function]}
                onChange={[Function]}
                type="text"
                value="0"
              />
            </article>
            <article
              className="wonder-float-input"
            >
              <span
                className="component-label"
              >
                Y : 
              </span>
              <input
                className="input-component float-input"
                onBlur={[Function]}
                onChange={[Function]}
                type="text"
                value="0"
              />
            </article>
            <article
              className="wonder-float-input"
            >
              <span
                className="component-label"
              >
                Z : 
              </span>
              <input
                className="input-component float-input"
                onBlur={[Function]}
                onChange={[Function]}
                type="text"
                value="40"
              />
            </article>
          </article>
        </div>
        <div
          className="transform-item"
        >
          <div
            className=""
          >
            rotate : 
          </div>
          <article
            className="wonder-transform-template"
          >
            <article
              className="wonder-float-input"
            >
              <span
                className="component-label"
              >
                X : 
              </span>
              <input
                className="input-component float-input"
                onBlur={[Function]}
                onChange={[Function]}
                type="text"
                value="0"
              />
            </article>
            <article
              className="wonder-float-input"
            >
              <span
                className="component-label"
              >
                Y : 
              </span>
              <input
                className="input-component float-input"
                onBlur={[Function]}
                onChange={[Function]}
                type="text"
                value="0"
              />
            </article>
            <article
              className="wonder-float-input"
            >
              <span
                className="component-label"
              >
                Z : 
              </span>
              <input
                className="input-component float-input"
                onBlur={[Function]}
                onChange={[Function]}
                type="text"
                value="0"
              />
            </article>
          </article>
        </div>
        <div
          className="transform-item"
        >
          <div
            className=""
          >
            scale : 
          </div>
          <article
            className="wonder-transform-template"
          >
            <article
              className="wonder-float-input"
            >
              <span
                className="component-label"
              >
                X : 
              </span>
              <input
                className="input-component float-input"
                onBlur={[Function]}
                onChange={[Function]}
                type="text"
                value="1"
              />
            </article>
            <article
              className="wonder-float-input"
            >
              <span
                className="component-label"
              >
                Y : 
              </span>
              <input
                className="input-component float-input"
                onBlur={[Function]}
                onChange={[Function]}
                type="text"
                value="1"
              />
            </article>
            <article
              className="wonder-float-input"
            >
              <span
                className="component-label"
              >
                Z : 
              </span>
              <input
                className="input-component float-input"
                onBlur={[Function]}
                onChange={[Function]}
                type="text"
                value="1"
              />
            </article>
          </article>
        </div>
      </article>
    </article>
    <article
      className="componentBox-component"
    >
      <div
        className="header"
      >
        <div
          className="header-triangle"
          onClick={[Function]}
        >
          <span
            className="triangle-bottom"
          />
        </div>
        <div
          className="header-title"
        >
          Camera Group
        </div>
        <span
          className="header-close"
          onClick={[Function]}
        >
          x
        </span>
      </div>
      <div>
        simulate camera component
      </div>
    </article>
    <article
      className="componentBox-component"
    >
      <div
        className="header"
      >
        <div
          className="header-triangle"
          onClick={[Function]}
        >
          <span
            className="triangle-bottom"
          />
        </div>
        <div
          className="header-title"
        >
          ArcballCameraController
        </div>
        <span
          className="header-close"
          onClick={[Function]}
        >
          x
        </span>
      </div>
      <article
        className="wonder-inspector-arcballCameraController"
      >
        <article
          className="wonder-float-input"
        >
          <span
            className="component-label"
          >
            distance : 
          </span>
          <input
            className="input-component float-input"
            onBlur={[Function]}
            onChange={[Function]}
            type="text"
            value="23.11"
          />
        </article>
        <article
          className="wonder-float-input"
        >
          <span
            className="component-label"
          >
            min distance : 
          </span>
          <input
            className="input-component float-input"
            onBlur={[Function]}
            onChange={[Function]}
            type="text"
            value="0.05"
          />
        </article>
      </article>
    </article>
    <article
      className="wonder-addable-component"
    >
      <div
        className="addable-component-content"
      >
        <button
          className="addable-btn"
          onClick={[Function]}
        >
          Add Component
        </button>
      </div>
    </article>
  </article>
</article>
`;

exports[`redo_undo: arcballCameraController distance and minDistance prepare first step: set currentSceneTreeNode to be camera test undo operate test undo two step step which from second to zero 1`] = `
<article
  className="wonder-inspector-component"
>
  <article
    className="wonder-inspector-sceneTree"
  >
    <div>
      <article
        className="wonder-string-input"
      >
        <span
          className="component-label"
        >
          Name : 
        </span>
        <input
          className="input-component float-input"
          onBlur={[Function]}
          onChange={[Function]}
          type="text"
          value="camera"
        />
      </article>
    </div>
    <article
      className="componentBox-component"
    >
      <div
        className="header"
      >
        <div
          className="header-triangle"
          onClick={[Function]}
        >
          <span
            className="triangle-bottom"
          />
        </div>
        <div
          className="header-title"
        >
          Transform
        </div>
      </div>
      <article
        className="wonder-inspector-transform"
      >
        <div
          className="transform-item"
        >
          <div
            className=""
          >
            position : 
          </div>
          <article
            className="wonder-transform-template"
          >
            <article
              className="wonder-float-input"
            >
              <span
                className="component-label"
              >
                X : 
              </span>
              <input
                className="input-component float-input"
                onBlur={[Function]}
                onChange={[Function]}
                type="text"
                value="0"
              />
            </article>
            <article
              className="wonder-float-input"
            >
              <span
                className="component-label"
              >
                Y : 
              </span>
              <input
                className="input-component float-input"
                onBlur={[Function]}
                onChange={[Function]}
                type="text"
                value="0"
              />
            </article>
            <article
              className="wonder-float-input"
            >
              <span
                className="component-label"
              >
                Z : 
              </span>
              <input
                className="input-component float-input"
                onBlur={[Function]}
                onChange={[Function]}
                type="text"
                value="40"
              />
            </article>
          </article>
        </div>
        <div
          className="transform-item"
        >
          <div
            className=""
          >
            rotate : 
          </div>
          <article
            className="wonder-transform-template"
          >
            <article
              className="wonder-float-input"
            >
              <span
                className="component-label"
              >
                X : 
              </span>
              <input
                className="input-component float-input"
                onBlur={[Function]}
                onChange={[Function]}
                type="text"
                value="0"
              />
            </article>
            <article
              className="wonder-float-input"
            >
              <span
                className="component-label"
              >
                Y : 
              </span>
              <input
                className="input-component float-input"
                onBlur={[Function]}
                onChange={[Function]}
                type="text"
                value="0"
              />
            </article>
            <article
              className="wonder-float-input"
            >
              <span
                className="component-label"
              >
                Z : 
              </span>
              <input
                className="input-component float-input"
                onBlur={[Function]}
                onChange={[Function]}
                type="text"
                value="0"
              />
            </article>
          </article>
        </div>
        <div
          className="transform-item"
        >
          <div
            className=""
          >
            scale : 
          </div>
          <article
            className="wonder-transform-template"
          >
            <article
              className="wonder-float-input"
            >
              <span
                className="component-label"
              >
                X : 
              </span>
              <input
                className="input-component float-input"
                onBlur={[Function]}
                onChange={[Function]}
                type="text"
                value="1"
              />
            </article>
            <article
              className="wonder-float-input"
            >
              <span
                className="component-label"
              >
                Y : 
              </span>
              <input
                className="input-component float-input"
                onBlur={[Function]}
                onChange={[Function]}
                type="text"
                value="1"
              />
            </article>
            <article
              className="wonder-float-input"
            >
              <span
                className="component-label"
              >
                Z : 
              </span>
              <input
                className="input-component float-input"
                onBlur={[Function]}
                onChange={[Function]}
                type="text"
                value="1"
              />
            </article>
          </article>
        </div>
      </article>
    </article>
    <article
      className="componentBox-component"
    >
      <div
        className="header"
      >
        <div
          className="header-triangle"
          onClick={[Function]}
        >
          <span
            className="triangle-bottom"
          />
        </div>
        <div
          className="header-title"
        >
          Camera Group
        </div>
        <span
          className="header-close"
          onClick={[Function]}
        >
          x
        </span>
      </div>
      <div>
        simulate camera component
      </div>
    </article>
    <article
      className="componentBox-component"
    >
      <div
        className="header"
      >
        <div
          className="header-triangle"
          onClick={[Function]}
        >
          <span
            className="triangle-bottom"
          />
        </div>
        <div
          className="header-title"
        >
          ArcballCameraController
        </div>
        <span
          className="header-close"
          onClick={[Function]}
        >
          x
        </span>
      </div>
      <article
        className="wonder-inspector-arcballCameraController"
      >
        <article
          className="wonder-float-input"
        >
          <span
            className="component-label"
          >
            distance : 
          </span>
          <input
            className="input-component float-input"
            onBlur={[Function]}
            onChange={[Function]}
            type="text"
            value="10"
          />
        </article>
        <article
          className="wonder-float-input"
        >
          <span
            className="component-label"
          >
            min distance : 
          </span>
          <input
            className="input-component float-input"
            onBlur={[Function]}
            onChange={[Function]}
            type="text"
            value="0.05"
          />
        </article>
      </article>
    </article>
    <article
      className="wonder-addable-component"
    >
      <div
        className="addable-component-content"
      >
        <button
          className="addable-btn"
          onClick={[Function]}
        >
          Add Component
        </button>
      </div>
    </article>
  </article>
</article>
`;
