// Jest Snapshot v1, https://goo.gl/fbAQLP

exports[`MainEditorInspector ui component test snapshot else, should show transform component of it 1`] = `
<article
  className="inspector-component"
>
  <article
    className="transform-component"
  >
    <article
      className="wonder-float-input"
    >
      <span
        className="component-label"
      >
        X : 
      </span>
      <input
        className="input-component float-input"
        onChange={[Function]}
        type="text"
        value="0"
      />
    </article>
    <article
      className="wonder-float-input"
    >
      <span
        className="component-label"
      >
        Y : 
      </span>
      <input
        className="input-component float-input"
        onChange={[Function]}
        type="text"
        value="0"
      />
    </article>
    <article
      className="wonder-float-input"
    >
      <span
        className="component-label"
      >
        Z : 
      </span>
      <input
        className="input-component float-input"
        onChange={[Function]}
        type="text"
        value="0"
      />
    </article>
  </article>
</article>
`;

exports[`MainEditorInspector ui component test snapshot if hasn't currentGameObject, show nothing 1`] = `
<article
  className="inspector-component"
/>
`;
