// Jest Snapshot v1, https://goo.gl/fbAQLP

exports[`header load scene wdb test load scene wdb should clear current scene tree node 1`] = `
<article
  className="wonder-sceneTree-component"
>
  <article
    className="wonder-drag-tree"
  >
    <ul
      className="wonder-tree-node"
      draggable={true}
      onDragEnd={[Function]}
      onDragStart={[Function]}
    >
      <li
        style={
          Object {
            "border": "0px",
          }
        }
      >
        <div
          className="item-ground"
          draggable={true}
          onClick={[Function]}
          onDragEnter={[Function]}
          onDragLeave={[Function]}
          onDragOver={[Function]}
          onDrop={[Function]}
        />
        <div
          className="item-triangle"
          onClick={[Function]}
        >
          <img
            src="./public/img/down.png"
          />
        </div>
        gameObject_0
      </li>
      <ul
        className="wonder-tree-node"
        draggable={true}
        onDragEnd={[Function]}
        onDragStart={[Function]}
      >
        <li
          style={
            Object {
              "border": "0px",
            }
          }
        >
          <div
            className="item-ground"
            draggable={true}
            onClick={[Function]}
            onDragEnter={[Function]}
            onDragLeave={[Function]}
            onDragOver={[Function]}
            onDrop={[Function]}
          />
          <div
            className="item-triangle"
          />
          Mesh
        </li>
      </ul>
    </ul>
    <ul
      className="wonder-tree-node"
      draggable={true}
      onDragEnd={[Function]}
      onDragStart={[Function]}
    >
      <li
        style={
          Object {
            "border": "0px",
          }
        }
      >
        <div
          className="item-ground"
          draggable={true}
          onClick={[Function]}
          onDragEnter={[Function]}
          onDragLeave={[Function]}
          onDragOver={[Function]}
          onDrop={[Function]}
        />
        <div
          className="item-triangle"
          onClick={[Function]}
        >
          <img
            src="./public/img/down.png"
          />
        </div>
        gameObject_0
      </li>
      <ul
        className="wonder-tree-node"
        draggable={true}
        onDragEnd={[Function]}
        onDragStart={[Function]}
      >
        <li
          style={
            Object {
              "border": "0px",
            }
          }
        >
          <div
            className="item-ground"
            draggable={true}
            onClick={[Function]}
            onDragEnter={[Function]}
            onDragLeave={[Function]}
            onDragOver={[Function]}
            onDrop={[Function]}
          />
          <div
            className="item-triangle"
            onClick={[Function]}
          >
            <img
              src="./public/img/down.png"
            />
          </div>
          gameObject_3
        </li>
        <ul
          className="wonder-tree-node"
          draggable={true}
          onDragEnd={[Function]}
          onDragStart={[Function]}
        >
          <li
            style={
              Object {
                "border": "0px",
              }
            }
          >
            <div
              className="item-ground"
              draggable={true}
              onClick={[Function]}
              onDragEnter={[Function]}
              onDragLeave={[Function]}
              onDragOver={[Function]}
              onDrop={[Function]}
            />
            <div
              className="item-triangle"
            />
            Wheels
          </li>
        </ul>
      </ul>
      <ul
        className="wonder-tree-node"
        draggable={true}
        onDragEnd={[Function]}
        onDragStart={[Function]}
      >
        <li
          style={
            Object {
              "border": "0px",
            }
          }
        >
          <div
            className="item-ground"
            draggable={true}
            onClick={[Function]}
            onDragEnter={[Function]}
            onDragLeave={[Function]}
            onDragOver={[Function]}
            onDrop={[Function]}
          />
          <div
            className="item-triangle"
            onClick={[Function]}
          >
            <img
              src="./public/img/down.png"
            />
          </div>
          gameObject_1
        </li>
        <ul
          className="wonder-tree-node"
          draggable={true}
          onDragEnd={[Function]}
          onDragStart={[Function]}
        >
          <li
            style={
              Object {
                "border": "0px",
              }
            }
          >
            <div
              className="item-ground"
              draggable={true}
              onClick={[Function]}
              onDragEnter={[Function]}
              onDragLeave={[Function]}
              onDragOver={[Function]}
              onDrop={[Function]}
            />
            <div
              className="item-triangle"
            />
            Wheels
          </li>
        </ul>
      </ul>
      <ul
        className="wonder-tree-node"
        draggable={true}
        onDragEnd={[Function]}
        onDragStart={[Function]}
      >
        <li
          style={
            Object {
              "border": "0px",
            }
          }
        >
          <div
            className="item-ground"
            draggable={true}
            onClick={[Function]}
            onDragEnter={[Function]}
            onDragLeave={[Function]}
            onDragOver={[Function]}
            onDrop={[Function]}
          />
          <div
            className="item-triangle"
          />
          Cesium_Milk_Truck_0
        </li>
      </ul>
      <ul
        className="wonder-tree-node"
        draggable={true}
        onDragEnd={[Function]}
        onDragStart={[Function]}
      >
        <li
          style={
            Object {
              "border": "0px",
            }
          }
        >
          <div
            className="item-ground"
            draggable={true}
            onClick={[Function]}
            onDragEnter={[Function]}
            onDragLeave={[Function]}
            onDragOver={[Function]}
            onDrop={[Function]}
          />
          <div
            className="item-triangle"
          />
          Cesium_Milk_Truck_1
        </li>
      </ul>
      <ul
        className="wonder-tree-node"
        draggable={true}
        onDragEnd={[Function]}
        onDragStart={[Function]}
      >
        <li
          style={
            Object {
              "border": "0px",
            }
          }
        >
          <div
            className="item-ground"
            draggable={true}
            onClick={[Function]}
            onDragEnter={[Function]}
            onDragLeave={[Function]}
            onDragOver={[Function]}
            onDrop={[Function]}
          />
          <div
            className="item-triangle"
          />
          Cesium_Milk_Truck_2
        </li>
      </ul>
    </ul>
    <ul
      className="wonder-tree-node"
      draggable={true}
      onDragEnd={[Function]}
      onDragStart={[Function]}
    >
      <li
        style={
          Object {
            "border": "0px",
          }
        }
      >
        <div
          className="item-ground"
          draggable={true}
          onClick={[Function]}
          onDragEnter={[Function]}
          onDragLeave={[Function]}
          onDragOver={[Function]}
          onDrop={[Function]}
        />
        <div
          className="item-triangle"
          onClick={[Function]}
        >
          <img
            src="./public/img/down.png"
          />
        </div>
        gameObject_11
      </li>
      <ul
        className="wonder-tree-node"
        draggable={true}
        onDragEnd={[Function]}
        onDragStart={[Function]}
      >
        <li
          style={
            Object {
              "border": "0px",
            }
          }
        >
          <div
            className="item-ground"
            draggable={true}
            onClick={[Function]}
            onDragEnter={[Function]}
            onDragLeave={[Function]}
            onDragOver={[Function]}
            onDrop={[Function]}
          />
          <div
            className="item-triangle"
          />
          GreenArrows
        </li>
      </ul>
      <ul
        className="wonder-tree-node"
        draggable={true}
        onDragEnd={[Function]}
        onDragStart={[Function]}
      >
        <li
          style={
            Object {
              "border": "0px",
            }
          }
        >
          <div
            className="item-ground"
            draggable={true}
            onClick={[Function]}
            onDragEnter={[Function]}
            onDragLeave={[Function]}
            onDragOver={[Function]}
            onDrop={[Function]}
          />
          <div
            className="item-triangle"
          />
          DecalBlend
        </li>
      </ul>
      <ul
        className="wonder-tree-node"
        draggable={true}
        onDragEnd={[Function]}
        onDragStart={[Function]}
      >
        <li
          style={
            Object {
              "border": "0px",
            }
          }
        >
          <div
            className="item-ground"
            draggable={true}
            onClick={[Function]}
            onDragEnter={[Function]}
            onDragLeave={[Function]}
            onDragOver={[Function]}
            onDrop={[Function]}
          />
          <div
            className="item-triangle"
          />
          DecalOpaque
        </li>
      </ul>
      <ul
        className="wonder-tree-node"
        draggable={true}
        onDragEnd={[Function]}
        onDragStart={[Function]}
      >
        <li
          style={
            Object {
              "border": "0px",
            }
          }
        >
          <div
            className="item-ground"
            draggable={true}
            onClick={[Function]}
            onDragEnter={[Function]}
            onDragLeave={[Function]}
            onDragOver={[Function]}
            onDrop={[Function]}
          />
          <div
            className="item-triangle"
          />
          TestCutoff75
        </li>
      </ul>
      <ul
        className="wonder-tree-node"
        draggable={true}
        onDragEnd={[Function]}
        onDragStart={[Function]}
      >
        <li
          style={
            Object {
              "border": "0px",
            }
          }
        >
          <div
            className="item-ground"
            draggable={true}
            onClick={[Function]}
            onDragEnter={[Function]}
            onDragLeave={[Function]}
            onDragOver={[Function]}
            onDrop={[Function]}
          />
          <div
            className="item-triangle"
          />
          TestCutoffDefault
        </li>
      </ul>
      <ul
        className="wonder-tree-node"
        draggable={true}
        onDragEnd={[Function]}
        onDragStart={[Function]}
      >
        <li
          style={
            Object {
              "border": "0px",
            }
          }
        >
          <div
            className="item-ground"
            draggable={true}
            onClick={[Function]}
            onDragEnter={[Function]}
            onDragLeave={[Function]}
            onDragOver={[Function]}
            onDrop={[Function]}
          />
          <div
            className="item-triangle"
          />
          TestCutoff25
        </li>
      </ul>
      <ul
        className="wonder-tree-node"
        draggable={true}
        onDragEnd={[Function]}
        onDragStart={[Function]}
      >
        <li
          style={
            Object {
              "border": "0px",
            }
          }
        >
          <div
            className="item-ground"
            draggable={true}
            onClick={[Function]}
            onDragEnter={[Function]}
            onDragLeave={[Function]}
            onDragOver={[Function]}
            onDrop={[Function]}
          />
          <div
            className="item-triangle"
          />
          TestBlend
        </li>
      </ul>
      <ul
        className="wonder-tree-node"
        draggable={true}
        onDragEnd={[Function]}
        onDragStart={[Function]}
      >
        <li
          style={
            Object {
              "border": "0px",
            }
          }
        >
          <div
            className="item-ground"
            draggable={true}
            onClick={[Function]}
            onDragEnter={[Function]}
            onDragLeave={[Function]}
            onDragOver={[Function]}
            onDrop={[Function]}
          />
          <div
            className="item-triangle"
          />
          TestOpaque
        </li>
      </ul>
      <ul
        className="wonder-tree-node"
        draggable={true}
        onDragEnd={[Function]}
        onDragStart={[Function]}
      >
        <li
          style={
            Object {
              "border": "0px",
            }
          }
        >
          <div
            className="item-ground"
            draggable={true}
            onClick={[Function]}
            onDragEnter={[Function]}
            onDragLeave={[Function]}
            onDragOver={[Function]}
            onDrop={[Function]}
          />
          <div
            className="item-triangle"
          />
          Bed
        </li>
      </ul>
    </ul>
    <ul
      className="wonder-tree-node"
      draggable={true}
      onDragEnd={[Function]}
      onDragStart={[Function]}
    >
      <li
        style={
          Object {
            "border": "0px",
          }
        }
      >
        <div
          className="item-ground"
          draggable={true}
          onClick={[Function]}
          onDragEnter={[Function]}
          onDragLeave={[Function]}
          onDragOver={[Function]}
          onDrop={[Function]}
        />
        <div
          className="item-triangle"
        />
        gameObject_21
      </li>
    </ul>
    <ul
      className="wonder-tree-node"
      draggable={true}
      onDragEnd={[Function]}
      onDragStart={[Function]}
    >
      <li
        style={
          Object {
            "border": "0px",
          }
        }
      >
        <div
          className="item-ground"
          draggable={true}
          onClick={[Function]}
          onDragEnter={[Function]}
          onDragLeave={[Function]}
          onDragOver={[Function]}
          onDrop={[Function]}
        />
        <div
          className="item-triangle"
        />
        gameObject_22
      </li>
    </ul>
    <div
      className="wonder-disable-drag"
      onDragEnter={[Function]}
      onDragLeave={[Function]}
      onDragOver={[Function]}
      onDrop={[Function]}
      style={
        Object {
          "backgroundColor": "#666666",
        }
      }
    />
  </article>
</article>
`;
