// Jest Snapshot v1, https://goo.gl/fbAQLP

exports[`controller header dispose gameObject test scene tree dispose current gameObject 1`] = `
<article
  className="wonder-sceneTree-component"
>
  <article
    className="wonder-drag-tree"
  >
    <ul
      className="wonder-tree-node"
      draggable={true}
      onDragEnd={[Function]}
      onDragStart={[Function]}
    >
      <li
        draggable={true}
        onClick={[Function]}
        onDragEnter={[Function]}
        onDragLeave={[Function]}
        onDragOver={[Function]}
        onDrop={[Function]}
        style={
          Object {
            "border": "0px",
          }
        }
      >
        <div
          className="item-triangle"
        />
        Camera
      </li>
    </ul>
    <ul
      className="wonder-tree-node"
      draggable={true}
      onDragEnd={[Function]}
      onDragStart={[Function]}
    >
      <li
        draggable={true}
        onClick={[Function]}
        onDragEnter={[Function]}
        onDragLeave={[Function]}
        onDragOver={[Function]}
        onDrop={[Function]}
        style={
          Object {
            "border": "0px",
          }
        }
      >
        <div
          className="item-triangle"
        />
        Cube
      </li>
    </ul>
    <ul
      className="wonder-tree-node"
      draggable={true}
      onDragEnd={[Function]}
      onDragStart={[Function]}
    >
      <li
        draggable={true}
        onClick={[Function]}
        onDragEnter={[Function]}
        onDragLeave={[Function]}
        onDragOver={[Function]}
        onDrop={[Function]}
        style={
          Object {
            "border": "0px",
          }
        }
      >
        <div
          className="item-triangle"
        />
        Direction Light
      </li>
    </ul>
    <div
      className="wonder-disable-drag"
      onDragEnter={[Function]}
      onDragLeave={[Function]}
      onDragOver={[Function]}
      onDrop={[Function]}
      style={
        Object {
          "backgroundColor": "#666666",
        }
      }
    />
  </article>
</article>
`;

exports[`controller header dispose gameObject test scene tree if not set currentSceneTreeNode, disposed button's disabled props should == true 1`] = `
<article
  className="wonder-header-component"
>
  <div
    className="header-nav"
  >
    <div
      className="header-item"
    >
      <div
        className="component-item"
      >
        <span
          className="item-title"
          onClick={[Function]}
          onMouseOver={[Function]}
        >
          File
        </span>
      </div>
    </div>
    <div
      className="header-item"
    >
      <div
        className="component-item"
      >
        <span
          className="item-title"
          onClick={[Function]}
          onMouseOver={[Function]}
        >
          Edit
        </span>
      </div>
    </div>
    <div
      className="header-item"
    >
      <div
        className="component-item"
      >
        <span
          className="item-title"
          onClick={[Function]}
          onMouseOver={[Function]}
        >
          Help
        </span>
      </div>
    </div>
  </div>
</article>
`;

exports[`controller header dispose gameObject test scene tree if set currentSceneTreeNode, disposed button's disabled props should == false 1`] = `
<article
  className="wonder-header-component"
>
  <div
    className="header-nav"
  >
    <div
      className="header-item"
    >
      <div
        className="component-item"
      >
        <span
          className="item-title"
          onClick={[Function]}
          onMouseOver={[Function]}
        >
          File
        </span>
      </div>
    </div>
    <div
      className="header-item"
    >
      <div
        className="component-item"
      >
        <span
          className="item-title"
          onClick={[Function]}
          onMouseOver={[Function]}
        >
          Edit
        </span>
      </div>
    </div>
    <div
      className="header-item"
    >
      <div
        className="component-item"
      >
        <span
          className="item-title"
          onClick={[Function]}
          onMouseOver={[Function]}
        >
          Help
        </span>
      </div>
    </div>
  </div>
</article>
`;
