// Jest Snapshot v1, https://goo.gl/fbAQLP

exports[`MainEditorInspector change source to show it's inspector else set currentSelectSource is SceneTree show currentSceneTreeNode component 1`] = `
<article
  className="wonder-inspector-component"
/>
`;

exports[`MainEditorInspector change source to show it's inspector if not set currentSelectSource, show nothing 1`] = `
<article
  className="wonder-inspector-component"
/>
`;
